[2026-05-29 20:45:09] ===== Health check start =====
[2026-05-29 20:45:11] OK - Server running HTTP 200
[2026-05-29 20:45:11] ===== Health check done =====
[2026-05-29 20:45:21] ===== Health check start =====
[2026-05-29 20:45:23] OK - Server running HTTP 200
[2026-05-29 20:45:23] ===== Health check done =====
[2026-05-29 20:56:43] ===== Health check start =====
[2026-05-29 20:56:43] ALERT - Server down. Starting...
[2026-05-29 20:56:50] SUCCESS - Restarted on port 5000
[2026-05-29 20:56:50] ===== Health check done =====
[2026-06-03 07:40:16] ===== Health check start =====
[2026-06-03 07:40:16] ALERT - Server down. Starting...
[2026-06-03 07:40:22] SUCCESS - Restarted on port 5000
[2026-06-03 07:40:22] ===== Health check done =====
[2026-06-03 08:47:41] ===== Health check start =====
[2026-06-03 08:47:43] OK - Server running HTTP 200
[2026-06-03 08:47:43] ===== Health check done =====
[2026-06-03 08:47:54] ===== Health check start =====
[2026-06-03 08:47:54] ALERT - Server down. Starting...
[2026-06-03 08:48:00] SUCCESS - Restarted on port 5000
[2026-06-03 08:48:00] ===== Health check done =====
